\BOOKMARK [1][-]{section.1}{\376\377\000I\000n\000t\000r\000o\000d\000u\000c\000t\000i\000o\000n}{}% 1
\BOOKMARK [2][-]{subsection.1.1}{\376\377\000\311\000t\000a\000t\000s\000\040\000q\000u\000a\000n\000t\000i\000q\000u\000e\000s}{section.1}% 2
\BOOKMARK [3][-]{subsubsection.1.1.1}{\376\377\000L\000e\000\040\000q\000u\000b\000i\000t\000\040\000:\000\040\000u\000n\000i\000t\000\351\000\040\000f\000o\000n\000d\000a\000m\000e\000n\000t\000a\000l\000e\000\040\000d\000e\000\040\000l\040\031\000i\000n\000f\000o\000r\000m\000a\000t\000i\000o\000n\000\040\000q\000u\000a\000n\000t\000i\000q\000u\000e}{subsection.1.1}% 3
\BOOKMARK [3][-]{subsubsection.1.1.2}{\376\377\000P\000r\000i\000n\000c\000i\000p\000e\000\040\000d\000e\000\040\000s\000u\000p\000e\000r\000p\000o\000s\000i\000t\000i\000o\000n}{subsection.1.1}% 4
\BOOKMARK [2][-]{subsection.1.2}{\376\377\000P\000o\000r\000t\000e\000s\000\040\000q\000u\000a\000n\000t\000i\000q\000u\000e\000s}{section.1}% 5
\BOOKMARK [3][-]{subsubsection.1.2.1}{\376\377\000L\000a\000\040\000p\000o\000r\000t\000e\000\040\000X}{subsection.1.2}% 6
\BOOKMARK [3][-]{subsubsection.1.2.2}{\376\377\000L\000a\000\040\000p\000o\000r\000t\000e\000\040\000d\000e\000\040\000H\000a\000d\000a\000m\000a\000r\000d}{subsection.1.2}% 7
\BOOKMARK [3][-]{subsubsection.1.2.3}{\376\377\000L\000a\000\040\000p\000o\000r\000t\000e\000\040\000Z}{subsection.1.2}% 8
\BOOKMARK [3][-]{subsubsection.1.2.4}{\376\377\000L\000a\000\040\000p\000o\000r\000t\000e\000\040\000C\000N\000O\000T}{subsection.1.2}% 9
\BOOKMARK [2][-]{subsection.1.3}{\376\377\000M\000e\000s\000u\000r\000e\000\040\000q\000u\000a\000n\000t\000i\000q\000u\000e}{section.1}% 10
\BOOKMARK [2][-]{subsection.1.4}{\376\377\000E\000x\000e\000m\000p\000l\000e\000\040\000d\000'\000a\000l\000g\000o\000r\000i\000t\000h\000m\000e\000\040\000e\000t\000\040\000c\000o\000m\000p\000a\000r\000a\000i\000s\000o\000n}{section.1}% 11
\BOOKMARK [3][-]{subsubsection.1.4.1}{\376\377\000A\000p\000p\000r\000o\000c\000h\000e\000\040\000c\000l\000a\000s\000s\000i\000q\000u\000e}{subsection.1.4}% 12
\BOOKMARK [3][-]{subsubsection.1.4.2}{\376\377\000A\000p\000p\000r\000o\000c\000h\000e\000\040\000q\000u\000a\000n\000t\000i\000q\000u\000e\000\040\000:\000\040\000a\000l\000g\000o\000r\000i\000t\000h\000m\000e\000\040\000d\000e\000\040\000D\000e\000u\000t\000s\000c\000h}{subsection.1.4}% 13
\BOOKMARK [3][-]{subsubsection.1.4.3}{\376\377\000C\000o\000m\000p\000a\000r\000a\000i\000s\000o\000n\000\040\000e\000n\000t\000r\000e\000\040\000a\000p\000p\000r\000o\000c\000h\000e\000\040\000c\000l\000a\000s\000s\000i\000q\000u\000e\000\040\000e\000t\000\040\000q\000u\000a\000n\000t\000i\000q\000u\000e}{subsection.1.4}% 14
\BOOKMARK [1][-]{section.2}{\376\377\000T\000h\000\351\000o\000r\000i\000e}{}% 15
\BOOKMARK [2][-]{subsection.2.1}{\376\377\000C\000o\000r\000r\000e\000c\000t\000i\000o\000n\000\040\000d\000'\000e\000r\000r\000e\000u\000r\000\040\000c\000l\000a\000s\000s\000i\000q\000u\000e}{section.2}% 16
\BOOKMARK [2][-]{subsection.2.2}{\376\377\000L\000i\000m\000i\000t\000e\000s\000\040\000d\000e\000\040\000l\000a\000\040\000c\000o\000r\000r\000e\000c\000t\000i\000o\000n\000\040\000c\000l\000a\000s\000s\000i\000q\000u\000e\000\040\000e\000n\000\040\000c\000a\000l\000c\000u\000l\000\040\000q\000u\000a\000n\000t\000i\000q\000u\000e}{section.2}% 17
\BOOKMARK [2][-]{subsection.2.3}{\376\377\000C\000o\000r\000r\000e\000c\000t\000i\000o\000n\000\040\000d\000'\000e\000r\000r\000e\000u\000r\000\040\000q\000u\000a\000n\000t\000i\000q\000u\000e\000\040\000a\000v\000e\000c\000\040\000e\000r\000r\000e\000u\000r\000\040\000X}{section.2}% 18
\BOOKMARK [3][-]{subsubsection.2.3.1}{\376\377\000P\000r\000i\000n\000c\000i\000p\000e\000\040\000g\000\351\000n\000\351\000r\000a\000l}{subsection.2.3}% 19
\BOOKMARK [3][-]{subsubsection.2.3.2}{\376\377\000E\000n\000c\000o\000d\000a\000g\000e\000\040\000d\000u\000\040\000q\000u\000b\000i\000t\000\040\000l\000o\000g\000i\000q\000u\000e}{subsection.2.3}% 20
\BOOKMARK [3][-]{subsubsection.2.3.3}{\376\377\000M\000o\000d\000\351\000l\000i\000s\000a\000t\000i\000o\000n\000\040\000d\040\031\000u\000n\000e\000\040\000e\000r\000r\000e\000u\000r\000\040\000d\000e\000\040\000t\000y\000p\000e\000\040\000X}{subsection.2.3}% 21
\BOOKMARK [3][-]{subsubsection.2.3.4}{\376\377\000D\000\351\000t\000e\000c\000t\000i\000o\000n\000\040\000d\000e\000\040\000l\040\031\000e\000r\000r\000e\000u\000r\000\040\000:\000\040\000s\000y\000n\000d\000r\000o\000m\000e\000\040\000q\000u\000a\000n\000t\000i\000q\000u\000e}{subsection.2.3}% 22
\BOOKMARK [3][-]{subsubsection.2.3.5}{\376\377\000C\000o\000r\000r\000e\000c\000t\000i\000o\000n\000\040\000d\000e\000\040\000l\040\031\000e\000r\000r\000e\000u\000r}{subsection.2.3}% 23
\BOOKMARK [2][-]{subsection.2.4}{\376\377\000C\000o\000r\000r\000e\000c\000t\000i\000o\000n\000\040\000d\000'\000e\000r\000r\000e\000u\000r\000\040\000q\000u\000a\000n\000t\000i\000q\000u\000e\000\040\000a\000v\000e\000c\000\040\000e\000r\000r\000e\000u\000r\000s\000\040\000X\000,\000\040\000Y}{section.2}% 24
\BOOKMARK [3][-]{subsubsection.2.4.1}{\376\377\000L\000i\000m\000i\000t\000e\000s\000\040\000d\000u\000\040\000c\000o\000d\000e\000\040\000b\000i\000t\000-\000f\000l\000i\000p}{subsection.2.4}% 25
\BOOKMARK [3][-]{subsubsection.2.4.2}{\376\377\000C\000o\000r\000r\000e\000c\000t\000i\000o\000n\000\040\000d\000e\000s\000\040\000e\000r\000r\000e\000u\000r\000s\000\040\000d\000e\000\040\000p\000h\000a\000s\000e}{subsection.2.4}% 26
\BOOKMARK [3][-]{subsubsection.2.4.3}{\376\377\000E\000r\000r\000e\000u\000r\000\040\000d\000e\000\040\000t\000y\000p\000e\000\040\000Y}{subsection.2.4}% 27
\BOOKMARK [3][-]{subsubsection.2.4.4}{\376\377\000D\000i\000s\000c\000r\000\351\000t\000i\000s\000a\000t\000i\000o\000n\000\040\000d\000e\000s\000\040\000e\000r\000r\000e\000u\000r\000s\000\040\000q\000u\000a\000n\000t\000i\000q\000u\000e\000s}{subsection.2.4}% 28
\BOOKMARK [2][-]{subsection.2.5}{\376\377\000G\000\351\000n\000\351\000r\000a\000l\000i\000s\000a\000t\000i\000o\000n}{section.2}% 29
\BOOKMARK [3][-]{subsubsection.2.5.1}{\376\377\000L\000e\000\040\000c\000o\000d\000e\000\040\000d\000e\000\040\000S\000h\000o\000r}{subsection.2.5}% 30
\BOOKMARK [3][-]{subsubsection.2.5.2}{\376\377\000V\000e\000r\000s\000\040\000d\000e\000s\000\040\000c\000o\000d\000e\000s\000\040\000p\000l\000u\000s\000\040\000a\000v\000a\000n\000c\000\351\000s}{subsection.2.5}% 31
\BOOKMARK [1][-]{section.3}{\376\377\000R\000\351\000s\000u\000l\000t\000a\000t\000s}{}% 32
\BOOKMARK [1][-]{section.4}{\376\377\000C\000o\000n\000c\000l\000u\000s\000i\000o\000n}{}% 33
